
Allocating common symbols
Common symbol       size              file

buff                0x64              ..\obj\main.o
usart_buffer        0x64              ..\obj\main.o
gelen               0x1               ..\obj\main.o
sayac               0x4               ..\obj\delay.o

Discarded input sections

 .text          0x00000000        0x0 ..\obj\delay.o
 .data          0x00000000        0x0 ..\obj\delay.o
 .bss           0x00000000        0x0 ..\obj\delay.o
 .text.NVIC_SetPriority
                0x00000000       0x54 ..\obj\delay.o
 .text.SysTick_Config
                0x00000000       0x44 ..\obj\delay.o
 .text.delay_ms
                0x00000000       0x40 ..\obj\delay.o
 .text.delay_us
                0x00000000       0x40 ..\obj\delay.o
 .text          0x00000000        0x0 ..\obj\stm32f4xx_usart.o
 .data          0x00000000        0x0 ..\obj\stm32f4xx_usart.o
 .bss           0x00000000        0x0 ..\obj\stm32f4xx_usart.o
 .text.USART_DeInit
                0x00000000       0xd0 ..\obj\stm32f4xx_usart.o
 .text.USART_StructInit
                0x00000000       0x38 ..\obj\stm32f4xx_usart.o
 .text.USART_ClockInit
                0x00000000       0x54 ..\obj\stm32f4xx_usart.o
 .text.USART_ClockStructInit
                0x00000000       0x2c ..\obj\stm32f4xx_usart.o
 .text.USART_SetPrescaler
                0x00000000       0x38 ..\obj\stm32f4xx_usart.o
 .text.USART_OverSampling8Cmd
                0x00000000       0x44 ..\obj\stm32f4xx_usart.o
 .text.USART_OneBitMethodCmd
                0x00000000       0x40 ..\obj\stm32f4xx_usart.o
 .text.USART_ReceiveData
                0x00000000       0x20 ..\obj\stm32f4xx_usart.o
 .text.USART_SetAddress
                0x00000000       0x38 ..\obj\stm32f4xx_usart.o
 .text.USART_ReceiverWakeUpCmd
                0x00000000       0x40 ..\obj\stm32f4xx_usart.o
 .text.USART_WakeUpConfig
                0x00000000       0x38 ..\obj\stm32f4xx_usart.o
 .text.USART_LINBreakDetectLengthConfig
                0x00000000       0x38 ..\obj\stm32f4xx_usart.o
 .text.USART_LINCmd
                0x00000000       0x40 ..\obj\stm32f4xx_usart.o
 .text.USART_SendBreak
                0x00000000       0x24 ..\obj\stm32f4xx_usart.o
 .text.USART_HalfDuplexCmd
                0x00000000       0x40 ..\obj\stm32f4xx_usart.o
 .text.USART_SetGuardTime
                0x00000000       0x3c ..\obj\stm32f4xx_usart.o
 .text.USART_SmartCardCmd
                0x00000000       0x40 ..\obj\stm32f4xx_usart.o
 .text.USART_SmartCardNACKCmd
                0x00000000       0x40 ..\obj\stm32f4xx_usart.o
 .text.USART_IrDAConfig
                0x00000000       0x38 ..\obj\stm32f4xx_usart.o
 .text.USART_IrDACmd
                0x00000000       0x40 ..\obj\stm32f4xx_usart.o
 .text.USART_DMACmd
                0x00000000       0x48 ..\obj\stm32f4xx_usart.o
 .text.USART_GetFlagStatus
                0x00000000       0x38 ..\obj\stm32f4xx_usart.o
 .text.USART_ClearFlag
                0x00000000       0x20 ..\obj\stm32f4xx_usart.o
 .text.USART_ClearITPendingBit
                0x00000000       0x38 ..\obj\stm32f4xx_usart.o
 .text          0x00000000        0x0 ..\obj\startup_stm32f4xx.o
 .data          0x00000000        0x0 ..\obj\startup_stm32f4xx.o
 .bss           0x00000000        0x0 ..\obj\startup_stm32f4xx.o
 .text          0x00000000        0x0 ..\obj\main.o
 .data          0x00000000        0x0 ..\obj\main.o
 .text.send_char
                0x00000000       0x30 ..\obj\main.o
 .text          0x00000000        0x0 ..\obj\stm32f4xx_rcc.o
 .bss           0x00000000        0x0 ..\obj\stm32f4xx_rcc.o
 .text.RCC_DeInit
                0x00000000       0x50 ..\obj\stm32f4xx_rcc.o
 .text.RCC_HSEConfig
                0x00000000       0x24 ..\obj\stm32f4xx_rcc.o
 .text.RCC_WaitForHSEStartUp
                0x00000000       0x50 ..\obj\stm32f4xx_rcc.o
 .text.RCC_AdjustHSICalibrationValue
                0x00000000       0x3c ..\obj\stm32f4xx_rcc.o
 .text.RCC_HSICmd
                0x00000000       0x20 ..\obj\stm32f4xx_rcc.o
 .text.RCC_LSEConfig
                0x00000000       0x40 ..\obj\stm32f4xx_rcc.o
 .text.RCC_LSICmd
                0x00000000       0x20 ..\obj\stm32f4xx_rcc.o
 .text.RCC_PLLConfig
                0x00000000       0x3c ..\obj\stm32f4xx_rcc.o
 .text.RCC_PLLCmd
                0x00000000       0x20 ..\obj\stm32f4xx_rcc.o
 .text.RCC_PLLI2SConfig
                0x00000000       0x28 ..\obj\stm32f4xx_rcc.o
 .text.RCC_PLLI2SCmd
                0x00000000       0x20 ..\obj\stm32f4xx_rcc.o
 .text.RCC_ClockSecuritySystemCmd
                0x00000000       0x20 ..\obj\stm32f4xx_rcc.o
 .text.RCC_MCO1Config
                0x00000000       0x3c ..\obj\stm32f4xx_rcc.o
 .text.RCC_MCO2Config
                0x00000000       0x3c ..\obj\stm32f4xx_rcc.o
 .text.RCC_SYSCLKConfig
                0x00000000       0x38 ..\obj\stm32f4xx_rcc.o
 .text.RCC_GetSYSCLKSource
                0x00000000       0x20 ..\obj\stm32f4xx_rcc.o
 .text.RCC_HCLKConfig
                0x00000000       0x38 ..\obj\stm32f4xx_rcc.o
 .text.RCC_PCLK1Config
                0x00000000       0x38 ..\obj\stm32f4xx_rcc.o
 .text.RCC_PCLK2Config
                0x00000000       0x38 ..\obj\stm32f4xx_rcc.o
 .text.RCC_RTCCLKConfig
                0x00000000       0x5c ..\obj\stm32f4xx_rcc.o
 .text.RCC_RTCCLKCmd
                0x00000000       0x20 ..\obj\stm32f4xx_rcc.o
 .text.RCC_BackupResetCmd
                0x00000000       0x20 ..\obj\stm32f4xx_rcc.o
 .text.RCC_I2SCLKConfig
                0x00000000       0x1c ..\obj\stm32f4xx_rcc.o
 .text.RCC_AHB2PeriphClockCmd
                0x00000000       0x3c ..\obj\stm32f4xx_rcc.o
 .text.RCC_AHB3PeriphClockCmd
                0x00000000       0x3c ..\obj\stm32f4xx_rcc.o
 .text.RCC_APB1PeriphClockCmd
                0x00000000       0x3c ..\obj\stm32f4xx_rcc.o
 .text.RCC_AHB1PeriphResetCmd
                0x00000000       0x3c ..\obj\stm32f4xx_rcc.o
 .text.RCC_AHB2PeriphResetCmd
                0x00000000       0x3c ..\obj\stm32f4xx_rcc.o
 .text.RCC_AHB3PeriphResetCmd
                0x00000000       0x3c ..\obj\stm32f4xx_rcc.o
 .text.RCC_APB1PeriphResetCmd
                0x00000000       0x3c ..\obj\stm32f4xx_rcc.o
 .text.RCC_APB2PeriphResetCmd
                0x00000000       0x3c ..\obj\stm32f4xx_rcc.o
 .text.RCC_AHB1PeriphClockLPModeCmd
                0x00000000       0x3c ..\obj\stm32f4xx_rcc.o
 .text.RCC_AHB2PeriphClockLPModeCmd
                0x00000000       0x3c ..\obj\stm32f4xx_rcc.o
 .text.RCC_AHB3PeriphClockLPModeCmd
                0x00000000       0x3c ..\obj\stm32f4xx_rcc.o
 .text.RCC_APB1PeriphClockLPModeCmd
                0x00000000       0x3c ..\obj\stm32f4xx_rcc.o
 .text.RCC_APB2PeriphClockLPModeCmd
                0x00000000       0x3c ..\obj\stm32f4xx_rcc.o
 .text.RCC_ITConfig
                0x00000000       0x48 ..\obj\stm32f4xx_rcc.o
 .text.RCC_GetFlagStatus
                0x00000000       0x74 ..\obj\stm32f4xx_rcc.o
 .text.RCC_ClearFlag
                0x00000000       0x1c ..\obj\stm32f4xx_rcc.o
 .text.RCC_GetITStatus
                0x00000000       0x38 ..\obj\stm32f4xx_rcc.o
 .text.RCC_ClearITPendingBit
                0x00000000       0x20 ..\obj\stm32f4xx_rcc.o
 .text          0x00000000        0x0 ..\obj\stm32f4xx_gpio.o
 .data          0x00000000        0x0 ..\obj\stm32f4xx_gpio.o
 .bss           0x00000000        0x0 ..\obj\stm32f4xx_gpio.o
 .text.GPIO_DeInit
                0x00000000      0x120 ..\obj\stm32f4xx_gpio.o
 .text.GPIO_StructInit
                0x00000000       0x34 ..\obj\stm32f4xx_gpio.o
 .text.GPIO_PinLockConfig
                0x00000000       0x44 ..\obj\stm32f4xx_gpio.o
 .text.GPIO_ReadInputDataBit
                0x00000000       0x34 ..\obj\stm32f4xx_gpio.o
 .text.GPIO_ReadInputData
                0x00000000       0x1c ..\obj\stm32f4xx_gpio.o
 .text.GPIO_ReadOutputDataBit
                0x00000000       0x34 ..\obj\stm32f4xx_gpio.o
 .text.GPIO_ReadOutputData
                0x00000000       0x1c ..\obj\stm32f4xx_gpio.o
 .text.GPIO_SetBits
                0x00000000       0x1c ..\obj\stm32f4xx_gpio.o
 .text.GPIO_ResetBits
                0x00000000       0x1c ..\obj\stm32f4xx_gpio.o
 .text.GPIO_WriteBit
                0x00000000       0x30 ..\obj\stm32f4xx_gpio.o
 .text.GPIO_Write
                0x00000000       0x1c ..\obj\stm32f4xx_gpio.o
 .text          0x00000000        0x0 ..\obj\system_stm32f4xx.o
 .data          0x00000000       0x14 ..\obj\system_stm32f4xx.o
 .bss           0x00000000        0x0 ..\obj\system_stm32f4xx.o
 .text.SystemCoreClockUpdate
                0x00000000       0xf8 ..\obj\system_stm32f4xx.o
 .text          0x00000000        0x0 ..\obj\syscalls.o
 .data          0x00000000        0x0 ..\obj\syscalls.o
 .bss           0x00000000        0x4 ..\obj\syscalls.o
 .text._sbrk    0x00000000       0x40 ..\obj\syscalls.o
 .text.link     0x00000000       0x1c ..\obj\syscalls.o
 .text._close   0x00000000       0x18 ..\obj\syscalls.o
 .text._fstat   0x00000000       0x20 ..\obj\syscalls.o
 .text._isatty  0x00000000       0x18 ..\obj\syscalls.o
 .text._lseek   0x00000000       0x1c ..\obj\syscalls.o
 .text._read    0x00000000       0x1c ..\obj\syscalls.o
 .text._write   0x00000000       0x1c ..\obj\syscalls.o
 .text.abort    0x00000000        0x8 ..\obj\syscalls.o
 .debug_info    0x00000000      0x3ee ..\obj\syscalls.o
 .debug_abbrev  0x00000000       0xe2 ..\obj\syscalls.o
 .debug_aranges
                0x00000000       0x60 ..\obj\syscalls.o
 .debug_ranges  0x00000000       0x50 ..\obj\syscalls.o
 .debug_line    0x00000000      0x183 ..\obj\syscalls.o
 .debug_str     0x00000000      0x2f2 ..\obj\syscalls.o
 .comment       0x00000000       0x71 ..\obj\syscalls.o
 .ARM.attributes
                0x00000000       0x33 ..\obj\syscalls.o
 .debug_frame   0x00000000      0x108 ..\obj\syscalls.o
 .text          0x00000000        0x0 ..\obj\misc.o
 .data          0x00000000        0x0 ..\obj\misc.o
 .bss           0x00000000        0x0 ..\obj\misc.o
 .text.NVIC_PriorityGroupConfig
                0x00000000       0x24 ..\obj\misc.o
 .text.NVIC_SetVectorTable
                0x00000000       0x2c ..\obj\misc.o
 .text.NVIC_SystemLPConfig
                0x00000000       0x40 ..\obj\misc.o
 .text.SysTick_CLKSourceConfig
                0x00000000       0x38 ..\obj\misc.o

Memory Configuration

Name             Origin             Length             Attributes
rom              0x08000000         0x00100000         xr
ram              0x20000000         0x00020000         xrw
ram1             0x10000000         0x00010000         xrw
*default*        0x00000000         0xffffffff

Linker script and memory map

                0x20020000                _eram = 0x20020000

.text           0x08000000      0xca0
 *(.isr_vector)
 .isr_vector    0x08000000      0x188 ..\obj\startup_stm32f4xx.o
                0x08000000                g_pfnVectors
 *(.text*)
 .text.SysTick_Handler
                0x08000188       0x1c ..\obj\delay.o
                0x08000188                SysTick_Handler
 .text.USART_Init
                0x080001a4      0x174 ..\obj\stm32f4xx_usart.o
                0x080001a4                USART_Init
 .text.USART_Cmd
                0x08000318       0x40 ..\obj\stm32f4xx_usart.o
                0x08000318                USART_Cmd
 .text.USART_SendData
                0x08000358       0x24 ..\obj\stm32f4xx_usart.o
                0x08000358                USART_SendData
 .text.USART_ITConfig
                0x0800037c       0x90 ..\obj\stm32f4xx_usart.o
                0x0800037c                USART_ITConfig
 .text.USART_GetITStatus
                0x0800040c       0xb0 ..\obj\stm32f4xx_usart.o
                0x0800040c                USART_GetITStatus
 .text.Default_Reset_Handler
                0x080004bc       0x60 ..\obj\startup_stm32f4xx.o
                0x080004bc                Default_Reset_Handler
                0x080004bc                Reset_Handler
 .text.Default_Handler
                0x0800051c        0x8 ..\obj\startup_stm32f4xx.o
                0x0800051c                RTC_Alarm_IRQHandler
                0x0800051c                HASH_RNG_IRQHandler
                0x0800051c                EXTI2_IRQHandler
                0x0800051c                TIM8_CC_IRQHandler
                0x0800051c                DebugMon_Handler
                0x0800051c                TIM1_CC_IRQHandler
                0x0800051c                DMA2_Stream5_IRQHandler
                0x0800051c                HardFault_Handler
                0x0800051c                DMA1_Stream5_IRQHandler
                0x0800051c                PVD_IRQHandler
                0x0800051c                SDIO_IRQHandler
                0x0800051c                TAMP_STAMP_IRQHandler
                0x0800051c                PendSV_Handler
                0x0800051c                NMI_Handler
                0x0800051c                CAN2_RX1_IRQHandler
                0x0800051c                EXTI3_IRQHandler
                0x0800051c                TIM8_TRG_COM_TIM14_IRQHandler
                0x0800051c                TIM1_UP_TIM10_IRQHandler
                0x0800051c                TIM8_UP_TIM13_IRQHandler
                0x0800051c                I2C3_ER_IRQHandler
                0x0800051c                EXTI0_IRQHandler
                0x0800051c                I2C2_EV_IRQHandler
                0x0800051c                DMA1_Stream2_IRQHandler
                0x0800051c                CAN1_RX0_IRQHandler
                0x0800051c                FPU_IRQHandler
                0x0800051c                OTG_HS_WKUP_IRQHandler
                0x0800051c                UsageFault_Handler
                0x0800051c                CAN2_SCE_IRQHandler
                0x0800051c                DMA2_Stream2_IRQHandler
                0x0800051c                SPI1_IRQHandler
                0x0800051c                TIM6_DAC_IRQHandler
                0x0800051c                TIM1_BRK_TIM9_IRQHandler
                0x0800051c                DCMI_IRQHandler
                0x0800051c                CAN2_RX0_IRQHandler
                0x0800051c                DMA2_Stream3_IRQHandler
                0x0800051c                USART6_IRQHandler
                0x0800051c                USART3_IRQHandler
                0x0800051c                CRYP_IRQHandler
                0x0800051c                CAN1_RX1_IRQHandler
                0x0800051c                UART5_IRQHandler
                0x0800051c                DMA2_Stream0_IRQHandler
                0x0800051c                TIM4_IRQHandler
                0x0800051c                I2C1_EV_IRQHandler
                0x0800051c                DMA1_Stream6_IRQHandler
                0x0800051c                DMA1_Stream1_IRQHandler
                0x0800051c                UART4_IRQHandler
                0x0800051c                TIM3_IRQHandler
                0x0800051c                RCC_IRQHandler
                0x0800051c                TIM8_BRK_TIM12_IRQHandler
                0x0800051c                EXTI15_10_IRQHandler
                0x0800051c                ADC_IRQHandler
                0x0800051c                DMA1_Stream7_IRQHandler
                0x0800051c                TIM7_IRQHandler
                0x0800051c                CAN2_TX_IRQHandler
                0x0800051c                TIM5_IRQHandler
                0x0800051c                DMA2_Stream7_IRQHandler
                0x0800051c                I2C3_EV_IRQHandler
                0x0800051c                EXTI9_5_IRQHandler
                0x0800051c                RTC_WKUP_IRQHandler
                0x0800051c                ETH_WKUP_IRQHandler
                0x0800051c                SPI2_IRQHandler
                0x0800051c                OTG_HS_EP1_IN_IRQHandler
                0x0800051c                MemManage_Handler
                0x0800051c                DMA1_Stream0_IRQHandler
                0x0800051c                CAN1_TX_IRQHandler
                0x0800051c                SVC_Handler
                0x0800051c                EXTI4_IRQHandler
                0x0800051c                FSMC_IRQHandler
                0x0800051c                ETH_IRQHandler
                0x0800051c                OTG_HS_EP1_OUT_IRQHandler
                0x0800051c                WWDG_IRQHandler
                0x0800051c                TIM2_IRQHandler
                0x0800051c                OTG_FS_WKUP_IRQHandler
                0x0800051c                TIM1_TRG_COM_TIM11_IRQHandler
                0x0800051c                OTG_HS_IRQHandler
                0x0800051c                EXTI1_IRQHandler
                0x0800051c                USART2_IRQHandler
                0x0800051c                I2C2_ER_IRQHandler
                0x0800051c                DMA2_Stream1_IRQHandler
                0x0800051c                CAN1_SCE_IRQHandler
                0x0800051c                FLASH_IRQHandler
                0x0800051c                DMA2_Stream4_IRQHandler
                0x0800051c                BusFault_Handler
                0x0800051c                OTG_FS_IRQHandler
                0x0800051c                SPI3_IRQHandler
                0x0800051c                DMA1_Stream4_IRQHandler
                0x0800051c                I2C1_ER_IRQHandler
                0x0800051c                DMA2_Stream6_IRQHandler
                0x0800051c                DMA1_Stream3_IRQHandler
 .text.init_USART1
                0x08000524       0xd0 ..\obj\main.o
                0x08000524                init_USART1
 .text.USART_puts
                0x080005f4       0x44 ..\obj\main.o
                0x080005f4                USART_puts
 .text.USART1_IRQHandler
                0x08000638       0xb8 ..\obj\main.o
                0x08000638                USART1_IRQHandler
 .text.main     0x080006f0       0x10 ..\obj\main.o
                0x080006f0                main
 .text.RCC_GetClocksFreq
                0x08000700      0x154 ..\obj\stm32f4xx_rcc.o
                0x08000700                RCC_GetClocksFreq
 .text.RCC_AHB1PeriphClockCmd
                0x08000854       0x3c ..\obj\stm32f4xx_rcc.o
                0x08000854                RCC_AHB1PeriphClockCmd
 .text.RCC_APB2PeriphClockCmd
                0x08000890       0x3c ..\obj\stm32f4xx_rcc.o
                0x08000890                RCC_APB2PeriphClockCmd
 .text.GPIO_Init
                0x080008cc      0x11c ..\obj\stm32f4xx_gpio.o
                0x080008cc                GPIO_Init
 .text.GPIO_ToggleBits
                0x080009e8       0x24 ..\obj\stm32f4xx_gpio.o
                0x080009e8                GPIO_ToggleBits
 .text.GPIO_PinAFConfig
                0x08000a0c       0x8c ..\obj\stm32f4xx_gpio.o
                0x08000a0c                GPIO_PinAFConfig
 .text.SystemInit
                0x08000a98       0x58 ..\obj\system_stm32f4xx.o
                0x08000a98                SystemInit
 .text.SetSysClock
                0x08000af0       0xf4 ..\obj\system_stm32f4xx.o
 .text.NVIC_Init
                0x08000be4       0xbc ..\obj\misc.o
                0x08000be4                NVIC_Init
 *(.init)
 *(.fini)
 *crtbegin.o(.ctors)
 *crtbegin?.o(.ctors)
 *(EXCLUDE_FILE(*crtend.o *crtend?.o) .ctors)
 *(SORT(.ctors.*))
 *(.ctors)
 *crtbegin.o(.dtors)
 *crtbegin?.o(.dtors)
 *(EXCLUDE_FILE(*crtend.o *crtend?.o) .dtors)
 *(SORT(.dtors.*))
 *(.dtors)
 *(.rodata*)
 *(.eh_fram e*)

.glue_7         0x08000ca0        0x0
 .glue_7        0x00000000        0x0 linker stubs

.glue_7t        0x08000ca0        0x0
 .glue_7t       0x00000000        0x0 linker stubs

.vfp11_veneer   0x08000ca0        0x0
 .vfp11_veneer  0x00000000        0x0 linker stubs

.v4_bx          0x08000ca0        0x0
 .v4_bx         0x00000000        0x0 linker stubs

.iplt           0x08000ca0        0x0
 .iplt          0x00000000        0x0 ..\obj\delay.o

.rel.dyn        0x08000ca0        0x0
 .rel.iplt      0x00000000        0x0 ..\obj\delay.o

.ARM.extab
 *(.ARM.extab* .gnu.linkonce.armextab.*)
                0x08000ca0                __exidx_start = .

.ARM.exidx
 *(.ARM.exidx* .gnu.linkonce.armexidx.*)
                0x08000ca0                __exidx_end = .
                0x08000ca0                __etext = .
                0x08000ca0                _sidata = __etext

.data           0x20000000       0x10 load address 0x08000ca0
                0x20000000                __data_start__ = .
                0x20000000                _sdata = __data_start__
 *(vtable)
 *(.data*)
 .data          0x20000000       0x10 ..\obj\stm32f4xx_rcc.o
                0x20000010                . = ALIGN (0x4)
                0x20000010                PROVIDE (__preinit_array_start, .)
 *(.preinit_array)
                0x20000010                PROVIDE (__preinit_array_end, .)
                0x20000010                . = ALIGN (0x4)
                0x20000010                PROVIDE (__init_array_start, .)
 *(SORT(.init_array.*))
 *(.init_array)
                0x20000010                PROVIDE (__init_array_end, .)
                0x20000010                . = ALIGN (0x4)
                0x20000010                PROVIDE (__fini_array_start, .)
 *(SORT(.fini_array.*))
 *(.fini_array)
                0x20000010                PROVIDE (__fini_array_end, .)
 *(.jcr*)
                0x20000010                . = ALIGN (0x4)
                0x20000010                __data_end__ = .
                0x20000010                _edata = __data_end__

.igot.plt       0x20000010        0x0 load address 0x08000cb0
 .igot.plt      0x00000000        0x0 ..\obj\delay.o

.bss            0x20000010       0xd4 load address 0x08000cb0
                0x20000010                . = ALIGN (0x4)
                0x20000010                __bss_start__ = .
                0x20000010                _sbss = __bss_start__
 *(.bss*)
 .bss           0x20000010        0x4 ..\obj\main.o
                0x20000010                serialsayac
 *(COMMON)
 COMMON         0x20000014        0x4 ..\obj\delay.o
                0x20000014                sayac
 COMMON         0x20000018       0xc9 ..\obj\main.o
                0x20000018                buff
                0x2000007c                usart_buffer
                0x200000e0                gelen
                0x200000e4                . = ALIGN (0x4)
 *fill*         0x200000e1        0x3 
                0x200000e4                __bss_end__ = .
                0x200000e4                _ebss = __bss_end__

.heap           0x200000e4        0x0
                0x200000e4                __end__ = .
                0x200000e4                _end = __end__
                0x200000e4                end = __end__
 *(.heap*)
                0x200000e4                __HeapLimit = .

.co_stack       0x200000e4      0x804 load address 0x08000d84
                0x200000e8                . = ALIGN (0x8)
 *fill*         0x200000e4        0x4 
 *(.co_stack .co_stack.*)
 .co_stack      0x200000e8      0x800 ..\obj\startup_stm32f4xx.o
                0x200000e8                pulStack
                0x20020000                __StackTop = (ORIGIN (ram) + 0x20000)
                0x2001f7fc                __StackLimit = (__StackTop - SIZEOF (.co_stack))
                0x20020000                PROVIDE (__stack, __StackTop)
                0x00000001                ASSERT ((__StackLimit >= __HeapLimit), region ram  overflowed with stack)
LOAD ..\obj\delay.o
LOAD ..\obj\stm32f4xx_usart.o
LOAD ..\obj\startup_stm32f4xx.o
LOAD ..\obj\main.o
LOAD ..\obj\stm32f4xx_rcc.o
LOAD ..\obj\stm32f4xx_gpio.o
LOAD ..\obj\system_stm32f4xx.o
LOAD ..\obj\syscalls.o
LOAD ..\obj\misc.o
START GROUP
LOAD c:/program files/gnu tools arm embedded/4.8 2014q2/bin/../lib/gcc/arm-none-eabi/4.8.4/armv7e-m\libgcc.a
LOAD c:/program files/gnu tools arm embedded/4.8 2014q2/bin/../lib/gcc/arm-none-eabi/4.8.4/../../../../arm-none-eabi/lib/armv7e-m\libg.a
LOAD c:/program files/gnu tools arm embedded/4.8 2014q2/bin/../lib/gcc/arm-none-eabi/4.8.4/../../../../arm-none-eabi/lib/armv7e-m\libc.a
END GROUP
OUTPUT(HC 05.elf elf32-littlearm)

.debug_info     0x00000000     0x3634
 .debug_info    0x00000000      0x6f1 ..\obj\delay.o
 .debug_info    0x000006f1      0x9c2 ..\obj\stm32f4xx_usart.o
 .debug_info    0x000010b3       0xed ..\obj\startup_stm32f4xx.o
 .debug_info    0x000011a0      0x776 ..\obj\main.o
 .debug_info    0x00001916      0xc4d ..\obj\stm32f4xx_rcc.o
 .debug_info    0x00002563      0x602 ..\obj\stm32f4xx_gpio.o
 .debug_info    0x00002b65      0x592 ..\obj\system_stm32f4xx.o
 .debug_info    0x000030f7      0x53d ..\obj\misc.o

.debug_abbrev   0x00000000      0xb26
 .debug_abbrev  0x00000000      0x18e ..\obj\delay.o
 .debug_abbrev  0x0000018e      0x155 ..\obj\stm32f4xx_usart.o
 .debug_abbrev  0x000002e3       0xb0 ..\obj\startup_stm32f4xx.o
 .debug_abbrev  0x00000393      0x192 ..\obj\main.o
 .debug_abbrev  0x00000525      0x1e3 ..\obj\stm32f4xx_rcc.o
 .debug_abbrev  0x00000708      0x1a3 ..\obj\stm32f4xx_gpio.o
 .debug_abbrev  0x000008ab      0x136 ..\obj\system_stm32f4xx.o
 .debug_abbrev  0x000009e1      0x145 ..\obj\misc.o

.debug_aranges  0x00000000      0x418
 .debug_aranges
                0x00000000       0x40 ..\obj\delay.o
 .debug_aranges
                0x00000040      0x100 ..\obj\stm32f4xx_usart.o
 .debug_aranges
                0x00000140       0x28 ..\obj\startup_stm32f4xx.o
 .debug_aranges
                0x00000168       0x40 ..\obj\main.o
 .debug_aranges
                0x000001a8      0x178 ..\obj\stm32f4xx_rcc.o
 .debug_aranges
                0x00000320       0x88 ..\obj\stm32f4xx_gpio.o
 .debug_aranges
                0x000003a8       0x30 ..\obj\system_stm32f4xx.o
 .debug_aranges
                0x000003d8       0x40 ..\obj\misc.o

.debug_ranges   0x00000000      0x398
 .debug_ranges  0x00000000       0x30 ..\obj\delay.o
 .debug_ranges  0x00000030       0xf0 ..\obj\stm32f4xx_usart.o
 .debug_ranges  0x00000120       0x18 ..\obj\startup_stm32f4xx.o
 .debug_ranges  0x00000138       0x30 ..\obj\main.o
 .debug_ranges  0x00000168      0x168 ..\obj\stm32f4xx_rcc.o
 .debug_ranges  0x000002d0       0x78 ..\obj\stm32f4xx_gpio.o
 .debug_ranges  0x00000348       0x20 ..\obj\system_stm32f4xx.o
 .debug_ranges  0x00000368       0x30 ..\obj\misc.o

.debug_line     0x00000000     0x18c1
 .debug_line    0x00000000      0x252 ..\obj\delay.o
 .debug_line    0x00000252      0x4e9 ..\obj\stm32f4xx_usart.o
 .debug_line    0x0000073b       0xb3 ..\obj\startup_stm32f4xx.o
 .debug_line    0x000007ee      0x2d4 ..\obj\main.o
 .debug_line    0x00000ac2      0x5e1 ..\obj\stm32f4xx_rcc.o
 .debug_line    0x000010a3      0x386 ..\obj\stm32f4xx_gpio.o
 .debug_line    0x00001429      0x20c ..\obj\system_stm32f4xx.o
 .debug_line    0x00001635      0x28c ..\obj\misc.o

.debug_str      0x00000000     0x1973
 .debug_str     0x00000000      0x781 ..\obj\delay.o
                                0x7e2 (size before relaxing)
 .debug_str     0x00000781      0x4f2 ..\obj\stm32f4xx_usart.o
                                0x6a0 (size before relaxing)
 .debug_str     0x00000c73       0xc1 ..\obj\startup_stm32f4xx.o
                                0x158 (size before relaxing)
 .debug_str     0x00000d34      0x2be ..\obj\main.o
                                0xa2a (size before relaxing)
 .debug_str     0x00000ff2      0x5f4 ..\obj\stm32f4xx_rcc.o
                                0x861 (size before relaxing)
 .debug_str     0x000015e6      0x1a4 ..\obj\stm32f4xx_gpio.o
                                0x4b4 (size before relaxing)
 .debug_str     0x0000178a       0xc5 ..\obj\system_stm32f4xx.o
                                0x3bb (size before relaxing)
 .debug_str     0x0000184f      0x124 ..\obj\misc.o
                                0x3df (size before relaxing)

.comment        0x00000000       0x70
 .comment       0x00000000       0x70 ..\obj\delay.o
                                 0x71 (size before relaxing)
 .comment       0x00000000       0x71 ..\obj\stm32f4xx_usart.o
 .comment       0x00000000       0x71 ..\obj\startup_stm32f4xx.o
 .comment       0x00000000       0x71 ..\obj\main.o
 .comment       0x00000000       0x71 ..\obj\stm32f4xx_rcc.o
 .comment       0x00000000       0x71 ..\obj\stm32f4xx_gpio.o
 .comment       0x00000000       0x71 ..\obj\system_stm32f4xx.o
 .comment       0x00000000       0x71 ..\obj\misc.o

.ARM.attributes
                0x00000000       0x33
 .ARM.attributes
                0x00000000       0x33 ..\obj\delay.o
 .ARM.attributes
                0x00000033       0x33 ..\obj\stm32f4xx_usart.o
 .ARM.attributes
                0x00000066       0x33 ..\obj\startup_stm32f4xx.o
 .ARM.attributes
                0x00000099       0x33 ..\obj\main.o
 .ARM.attributes
                0x000000cc       0x33 ..\obj\stm32f4xx_rcc.o
 .ARM.attributes
                0x000000ff       0x33 ..\obj\stm32f4xx_gpio.o
 .ARM.attributes
                0x00000132       0x33 ..\obj\system_stm32f4xx.o
 .ARM.attributes
                0x00000165       0x33 ..\obj\misc.o

.debug_frame    0x00000000      0xc48
 .debug_frame   0x00000000       0xa4 ..\obj\delay.o
 .debug_frame   0x000000a4      0x344 ..\obj\stm32f4xx_usart.o
 .debug_frame   0x000003e8       0x48 ..\obj\startup_stm32f4xx.o
 .debug_frame   0x00000430       0xa4 ..\obj\main.o
 .debug_frame   0x000004d4      0x4d8 ..\obj\stm32f4xx_rcc.o
 .debug_frame   0x000009ac      0x19c ..\obj\stm32f4xx_gpio.o
 .debug_frame   0x00000b48       0x64 ..\obj\system_stm32f4xx.o
 .debug_frame   0x00000bac       0x9c ..\obj\misc.o
