
Discarded input sections

 .text          0x00000000        0x0 ..\obj\stm32f4xx_pwr.o
 .data          0x00000000        0x0 ..\obj\stm32f4xx_pwr.o
 .bss           0x00000000        0x0 ..\obj\stm32f4xx_pwr.o
 .text.PWR_DeInit
                0x00000000       0x20 ..\obj\stm32f4xx_pwr.o
 .text.PWR_BackupAccessCmd
                0x00000000       0x20 ..\obj\stm32f4xx_pwr.o
 .text.PWR_PVDLevelConfig
                0x00000000       0x40 ..\obj\stm32f4xx_pwr.o
 .text.PWR_PVDCmd
                0x00000000       0x20 ..\obj\stm32f4xx_pwr.o
 .text.PWR_WakeUpPinCmd
                0x00000000       0x20 ..\obj\stm32f4xx_pwr.o
 .text.PWR_BackupRegulatorCmd
                0x00000000       0x20 ..\obj\stm32f4xx_pwr.o
 .text.PWR_MainRegulatorModeConfig
                0x00000000       0x4c ..\obj\stm32f4xx_pwr.o
 .text.PWR_FlashPowerDownCmd
                0x00000000       0x20 ..\obj\stm32f4xx_pwr.o
 .text.PWR_EnterSTOPMode
                0x00000000       0x80 ..\obj\stm32f4xx_pwr.o
 .text.PWR_EnterSTANDBYMode
                0x00000000       0x54 ..\obj\stm32f4xx_pwr.o
 .text.PWR_GetFlagStatus
                0x00000000       0x3c ..\obj\stm32f4xx_pwr.o
 .text.PWR_ClearFlag
                0x00000000       0x30 ..\obj\stm32f4xx_pwr.o
 .debug_info    0x00000000      0x543 ..\obj\stm32f4xx_pwr.o
 .debug_abbrev  0x00000000      0x181 ..\obj\stm32f4xx_pwr.o
 .debug_loc     0x00000000      0x288 ..\obj\stm32f4xx_pwr.o
 .debug_aranges
                0x00000000       0x78 ..\obj\stm32f4xx_pwr.o
 .debug_ranges  0x00000000       0x68 ..\obj\stm32f4xx_pwr.o
 .debug_line    0x00000000      0x2ac ..\obj\stm32f4xx_pwr.o
 .debug_str     0x00000000      0x342 ..\obj\stm32f4xx_pwr.o
 .comment       0x00000000       0x71 ..\obj\stm32f4xx_pwr.o
 .ARM.attributes
                0x00000000       0x33 ..\obj\stm32f4xx_pwr.o
 .debug_frame   0x00000000      0x15c ..\obj\stm32f4xx_pwr.o
 .text          0x00000000        0x0 ..\obj\startup_stm32f4xx.o
 .data          0x00000000        0x0 ..\obj\startup_stm32f4xx.o
 .bss           0x00000000        0x0 ..\obj\startup_stm32f4xx.o
 .text          0x00000000        0x0 ..\obj\main.o
 .data          0x00000000        0x0 ..\obj\main.o
 .bss           0x00000000        0x0 ..\obj\main.o
 .text          0x00000000        0x0 ..\obj\stm32f4xx_rcc.o
 .data          0x00000000       0x10 ..\obj\stm32f4xx_rcc.o
 .bss           0x00000000        0x0 ..\obj\stm32f4xx_rcc.o
 .text.RCC_DeInit
                0x00000000       0x84 ..\obj\stm32f4xx_rcc.o
 .text.RCC_HSEConfig
                0x00000000       0x30 ..\obj\stm32f4xx_rcc.o
 .text.RCC_WaitForHSEStartUp
                0x00000000       0x64 ..\obj\stm32f4xx_rcc.o
 .text.RCC_AdjustHSICalibrationValue
                0x00000000       0x48 ..\obj\stm32f4xx_rcc.o
 .text.RCC_HSICmd
                0x00000000       0x20 ..\obj\stm32f4xx_rcc.o
 .text.RCC_LSEConfig
                0x00000000       0x60 ..\obj\stm32f4xx_rcc.o
 .text.RCC_LSICmd
                0x00000000       0x20 ..\obj\stm32f4xx_rcc.o
 .text.RCC_PLLConfig
                0x00000000       0x48 ..\obj\stm32f4xx_rcc.o
 .text.RCC_PLLCmd
                0x00000000       0x20 ..\obj\stm32f4xx_rcc.o
 .text.RCC_PLLI2SConfig
                0x00000000       0x30 ..\obj\stm32f4xx_rcc.o
 .text.RCC_PLLI2SCmd
                0x00000000       0x20 ..\obj\stm32f4xx_rcc.o
 .text.RCC_ClockSecuritySystemCmd
                0x00000000       0x20 ..\obj\stm32f4xx_rcc.o
 .text.RCC_MCO1Config
                0x00000000       0x48 ..\obj\stm32f4xx_rcc.o
 .text.RCC_MCO2Config
                0x00000000       0x48 ..\obj\stm32f4xx_rcc.o
 .text.RCC_SYSCLKConfig
                0x00000000       0x40 ..\obj\stm32f4xx_rcc.o
 .text.RCC_GetSYSCLKSource
                0x00000000       0x20 ..\obj\stm32f4xx_rcc.o
 .text.RCC_HCLKConfig
                0x00000000       0x40 ..\obj\stm32f4xx_rcc.o
 .text.RCC_PCLK1Config
                0x00000000       0x40 ..\obj\stm32f4xx_rcc.o
 .text.RCC_PCLK2Config
                0x00000000       0x44 ..\obj\stm32f4xx_rcc.o
 .text.RCC_GetClocksFreq
                0x00000000      0x1cc ..\obj\stm32f4xx_rcc.o
 .text.RCC_RTCCLKConfig
                0x00000000       0x74 ..\obj\stm32f4xx_rcc.o
 .text.RCC_RTCCLKCmd
                0x00000000       0x20 ..\obj\stm32f4xx_rcc.o
 .text.RCC_BackupResetCmd
                0x00000000       0x20 ..\obj\stm32f4xx_rcc.o
 .text.RCC_I2SCLKConfig
                0x00000000       0x20 ..\obj\stm32f4xx_rcc.o
 .text.RCC_AHB1PeriphClockCmd
                0x00000000       0x54 ..\obj\stm32f4xx_rcc.o
 .text.RCC_AHB2PeriphClockCmd
                0x00000000       0x54 ..\obj\stm32f4xx_rcc.o
 .text.RCC_AHB3PeriphClockCmd
                0x00000000       0x54 ..\obj\stm32f4xx_rcc.o
 .text.RCC_APB1PeriphClockCmd
                0x00000000       0x54 ..\obj\stm32f4xx_rcc.o
 .text.RCC_APB2PeriphClockCmd
                0x00000000       0x54 ..\obj\stm32f4xx_rcc.o
 .text.RCC_AHB1PeriphResetCmd
                0x00000000       0x54 ..\obj\stm32f4xx_rcc.o
 .text.RCC_AHB2PeriphResetCmd
                0x00000000       0x54 ..\obj\stm32f4xx_rcc.o
 .text.RCC_AHB3PeriphResetCmd
                0x00000000       0x54 ..\obj\stm32f4xx_rcc.o
 .text.RCC_APB1PeriphResetCmd
                0x00000000       0x54 ..\obj\stm32f4xx_rcc.o
 .text.RCC_APB2PeriphResetCmd
                0x00000000       0x54 ..\obj\stm32f4xx_rcc.o
 .text.RCC_AHB1PeriphClockLPModeCmd
                0x00000000       0x54 ..\obj\stm32f4xx_rcc.o
 .text.RCC_AHB2PeriphClockLPModeCmd
                0x00000000       0x54 ..\obj\stm32f4xx_rcc.o
 .text.RCC_AHB3PeriphClockLPModeCmd
                0x00000000       0x54 ..\obj\stm32f4xx_rcc.o
 .text.RCC_APB1PeriphClockLPModeCmd
                0x00000000       0x54 ..\obj\stm32f4xx_rcc.o
 .text.RCC_APB2PeriphClockLPModeCmd
                0x00000000       0x54 ..\obj\stm32f4xx_rcc.o
 .text.RCC_ITConfig
                0x00000000       0x60 ..\obj\stm32f4xx_rcc.o
 .text.RCC_GetFlagStatus
                0x00000000       0x90 ..\obj\stm32f4xx_rcc.o
 .text.RCC_ClearFlag
                0x00000000       0x24 ..\obj\stm32f4xx_rcc.o
 .text.RCC_GetITStatus
                0x00000000       0x40 ..\obj\stm32f4xx_rcc.o
 .text.RCC_ClearITPendingBit
                0x00000000       0x20 ..\obj\stm32f4xx_rcc.o
 .debug_info    0x00000000      0xd49 ..\obj\stm32f4xx_rcc.o
 .debug_abbrev  0x00000000      0x1e5 ..\obj\stm32f4xx_rcc.o
 .debug_loc     0x00000000      0x97c ..\obj\stm32f4xx_rcc.o
 .debug_aranges
                0x00000000      0x178 ..\obj\stm32f4xx_rcc.o
 .debug_ranges  0x00000000      0x168 ..\obj\stm32f4xx_rcc.o
 .debug_line    0x00000000      0x5a0 ..\obj\stm32f4xx_rcc.o
 .debug_str     0x00000000      0x801 ..\obj\stm32f4xx_rcc.o
 .comment       0x00000000       0x71 ..\obj\stm32f4xx_rcc.o
 .ARM.attributes
                0x00000000       0x33 ..\obj\stm32f4xx_rcc.o
 .debug_frame   0x00000000      0x4d8 ..\obj\stm32f4xx_rcc.o
 .text          0x00000000        0x0 ..\obj\system_stm32f4xx.o
 .data          0x00000000       0x14 ..\obj\system_stm32f4xx.o
 .bss           0x00000000        0x0 ..\obj\system_stm32f4xx.o
 .text.SystemCoreClockUpdate
                0x00000000      0x170 ..\obj\system_stm32f4xx.o
 .text          0x00000000        0x0 ..\obj\syscalls.o
 .data          0x00000000        0x0 ..\obj\syscalls.o
 .bss           0x00000000        0x4 ..\obj\syscalls.o
 .text._sbrk    0x00000000       0x5c ..\obj\syscalls.o
 .text.link     0x00000000       0x1c ..\obj\syscalls.o
 .text._close   0x00000000       0x18 ..\obj\syscalls.o
 .text._fstat   0x00000000       0x24 ..\obj\syscalls.o
 .text._isatty  0x00000000       0x18 ..\obj\syscalls.o
 .text._lseek   0x00000000       0x1c ..\obj\syscalls.o
 .text._read    0x00000000       0x1c ..\obj\syscalls.o
 .text._write   0x00000000       0x1c ..\obj\syscalls.o
 .text.abort    0x00000000        0x8 ..\obj\syscalls.o
 .debug_info    0x00000000      0x443 ..\obj\syscalls.o
 .debug_abbrev  0x00000000       0xe4 ..\obj\syscalls.o
 .debug_loc     0x00000000      0x1ec ..\obj\syscalls.o
 .debug_aranges
                0x00000000       0x60 ..\obj\syscalls.o
 .debug_ranges  0x00000000       0x50 ..\obj\syscalls.o
 .debug_line    0x00000000      0x1aa ..\obj\syscalls.o
 .debug_str     0x00000000      0x2b7 ..\obj\syscalls.o
 .comment       0x00000000       0x71 ..\obj\syscalls.o
 .ARM.attributes
                0x00000000       0x33 ..\obj\syscalls.o
 .debug_frame   0x00000000      0x108 ..\obj\syscalls.o
 .text          0x00000000        0x0 ..\obj\stm32f4xx_rtc.o
 .data          0x00000000        0x0 ..\obj\stm32f4xx_rtc.o
 .bss           0x00000000        0x0 ..\obj\stm32f4xx_rtc.o
 .text.RTC_DeInit
                0x00000000      0x16c ..\obj\stm32f4xx_rtc.o
 .text.RTC_Init
                0x00000000       0xc0 ..\obj\stm32f4xx_rtc.o
 .text.RTC_StructInit
                0x00000000       0x2c ..\obj\stm32f4xx_rtc.o
 .text.RTC_WriteProtectionCmd
                0x00000000       0x48 ..\obj\stm32f4xx_rtc.o
 .text.RTC_EnterInitMode
                0x00000000       0x94 ..\obj\stm32f4xx_rtc.o
 .text.RTC_ExitInitMode
                0x00000000       0x24 ..\obj\stm32f4xx_rtc.o
 .text.RTC_WaitForSynchro
                0x00000000       0xb0 ..\obj\stm32f4xx_rtc.o
 .text.RTC_RefClockCmd
                0x00000000       0x9c ..\obj\stm32f4xx_rtc.o
 .text.RTC_BypassShadowCmd
                0x00000000       0x78 ..\obj\stm32f4xx_rtc.o
 .text.RTC_SetTime
                0x00000000      0x144 ..\obj\stm32f4xx_rtc.o
 .text.RTC_TimeStructInit
                0x00000000       0x34 ..\obj\stm32f4xx_rtc.o
 .text.RTC_GetTime
                0x00000000       0xa8 ..\obj\stm32f4xx_rtc.o
 .text.RTC_GetSubSecond
                0x00000000       0x30 ..\obj\stm32f4xx_rtc.o
 .text.RTC_SetDate
                0x00000000      0x140 ..\obj\stm32f4xx_rtc.o
 .text.RTC_DateStructInit
                0x00000000       0x34 ..\obj\stm32f4xx_rtc.o
 .text.RTC_GetDate
                0x00000000       0xa8 ..\obj\stm32f4xx_rtc.o
 .text.RTC_SetAlarm
                0x00000000      0x17c ..\obj\stm32f4xx_rtc.o
 .text.RTC_AlarmStructInit
                0x00000000       0x4c ..\obj\stm32f4xx_rtc.o
 .text.RTC_GetAlarm
                0x00000000       0xec ..\obj\stm32f4xx_rtc.o
 .text.RTC_AlarmCmd
                0x00000000       0xe8 ..\obj\stm32f4xx_rtc.o
 .text.RTC_AlarmSubSecondConfig
                0x00000000       0x70 ..\obj\stm32f4xx_rtc.o
 .text.RTC_GetAlarmSubSecond
                0x00000000       0x50 ..\obj\stm32f4xx_rtc.o
 .text.RTC_WakeUpClockConfig
                0x00000000       0x6c ..\obj\stm32f4xx_rtc.o
 .text.RTC_SetWakeUpCounter
                0x00000000       0x48 ..\obj\stm32f4xx_rtc.o
 .text.RTC_GetWakeUpCounter
                0x00000000       0x20 ..\obj\stm32f4xx_rtc.o
 .text.RTC_WakeUpCmd
                0x00000000       0xd8 ..\obj\stm32f4xx_rtc.o
 .text.RTC_DayLightSavingConfig
                0x00000000       0x74 ..\obj\stm32f4xx_rtc.o
 .text.RTC_GetStoreOperation
                0x00000000       0x1c ..\obj\stm32f4xx_rtc.o
 .text.RTC_OutputConfig
                0x00000000       0x74 ..\obj\stm32f4xx_rtc.o
 .text.RTC_CoarseCalibConfig
                0x00000000       0x74 ..\obj\stm32f4xx_rtc.o
 .text.RTC_CoarseCalibCmd
                0x00000000       0x9c ..\obj\stm32f4xx_rtc.o
 .text.RTC_CalibOutputCmd
                0x00000000       0x78 ..\obj\stm32f4xx_rtc.o
 .text.RTC_CalibOutputConfig
                0x00000000       0x6c ..\obj\stm32f4xx_rtc.o
 .text.RTC_SmoothCalibConfig
                0x00000000       0xbc ..\obj\stm32f4xx_rtc.o
 .text.RTC_TimeStampCmd
                0x00000000       0x84 ..\obj\stm32f4xx_rtc.o
 .text.RTC_GetTimeStamp
                0x00000000      0x130 ..\obj\stm32f4xx_rtc.o
 .text.RTC_GetTimeStampSubSecond
                0x00000000       0x18 ..\obj\stm32f4xx_rtc.o
 .text.RTC_TamperTriggerConfig
                0x00000000       0x58 ..\obj\stm32f4xx_rtc.o
 .text.RTC_TamperCmd
                0x00000000       0x54 ..\obj\stm32f4xx_rtc.o
 .text.RTC_TamperFilterConfig
                0x00000000       0x44 ..\obj\stm32f4xx_rtc.o
 .text.RTC_TamperSamplingFreqConfig
                0x00000000       0x44 ..\obj\stm32f4xx_rtc.o
 .text.RTC_TamperPinsPrechargeDuration
                0x00000000       0x44 ..\obj\stm32f4xx_rtc.o
 .text.RTC_TimeStampOnTamperDetectionCmd
                0x00000000       0x4c ..\obj\stm32f4xx_rtc.o
 .text.RTC_TamperPullUpCmd
                0x00000000       0x4c ..\obj\stm32f4xx_rtc.o
 .text.RTC_WriteBackupRegister
                0x00000000       0x38 ..\obj\stm32f4xx_rtc.o
 .text.RTC_ReadBackupRegister
                0x00000000       0x34 ..\obj\stm32f4xx_rtc.o
 .text.RTC_TamperPinSelection
                0x00000000       0x44 ..\obj\stm32f4xx_rtc.o
 .text.RTC_TimeStampPinSelection
                0x00000000       0x44 ..\obj\stm32f4xx_rtc.o
 .text.RTC_OutputTypeConfig
                0x00000000       0x44 ..\obj\stm32f4xx_rtc.o
 .text.RTC_SynchroShiftConfig
                0x00000000       0xe0 ..\obj\stm32f4xx_rtc.o
 .text.RTC_ITConfig
                0x00000000       0xc0 ..\obj\stm32f4xx_rtc.o
 .text.RTC_GetFlagStatus
                0x00000000       0x4c ..\obj\stm32f4xx_rtc.o
 .text.RTC_ClearFlag
                0x00000000       0x40 ..\obj\stm32f4xx_rtc.o
 .text.RTC_GetITStatus
                0x00000000       0x8c ..\obj\stm32f4xx_rtc.o
 .text.RTC_ClearITPendingBit
                0x00000000       0x4c ..\obj\stm32f4xx_rtc.o
 .text.RTC_ByteToBcd2
                0x00000000       0x44 ..\obj\stm32f4xx_rtc.o
 .text.RTC_Bcd2ToByte
                0x00000000       0x40 ..\obj\stm32f4xx_rtc.o
 .debug_info    0x00000000     0x1255 ..\obj\stm32f4xx_rtc.o
 .debug_abbrev  0x00000000      0x1b0 ..\obj\stm32f4xx_rtc.o
 .debug_loc     0x00000000      0xc48 ..\obj\stm32f4xx_rtc.o
 .debug_aranges
                0x00000000      0x1e0 ..\obj\stm32f4xx_rtc.o
 .debug_ranges  0x00000000      0x1d0 ..\obj\stm32f4xx_rtc.o
 .debug_line    0x00000000      0x815 ..\obj\stm32f4xx_rtc.o
 .debug_str     0x00000000      0xb04 ..\obj\stm32f4xx_rtc.o
 .comment       0x00000000       0x71 ..\obj\stm32f4xx_rtc.o
 .ARM.attributes
                0x00000000       0x33 ..\obj\stm32f4xx_rtc.o
 .debug_frame   0x00000000      0x670 ..\obj\stm32f4xx_rtc.o

Memory Configuration

Name             Origin             Length             Attributes
rom              0x08000000         0x00100000         xr
ram              0x20000000         0x00020000         xrw
ram1             0x10000000         0x00010000         xrw
*default*        0x00000000         0xffffffff

Linker script and memory map

                0x20020000                _eram = 0x20020000

.text           0x08000000      0x684
 *(.isr_vector .isr_vector.*)
 .isr_vector    0x08000000      0x188 ..\obj\startup_stm32f4xx.o
                0x08000000                g_pfnVectors
 *(.text .text.* .gnu.linkonce.t.*)
 .text.Default_Reset_Handler
                0x08000188       0x70 ..\obj\startup_stm32f4xx.o
                0x08000188                Default_Reset_Handler
                0x08000188                Reset_Handler
 .text.Default_Handler
                0x080001f8        0x8 ..\obj\startup_stm32f4xx.o
                0x080001f8                RTC_Alarm_IRQHandler
                0x080001f8                HASH_RNG_IRQHandler
                0x080001f8                EXTI2_IRQHandler
                0x080001f8                TIM8_CC_IRQHandler
                0x080001f8                DebugMon_Handler
                0x080001f8                TIM1_CC_IRQHandler
                0x080001f8                DMA2_Stream5_IRQHandler
                0x080001f8                HardFault_Handler
                0x080001f8                DMA1_Stream5_IRQHandler
                0x080001f8                SysTick_Handler
                0x080001f8                PVD_IRQHandler
                0x080001f8                SDIO_IRQHandler
                0x080001f8                TAMP_STAMP_IRQHandler
                0x080001f8                PendSV_Handler
                0x080001f8                NMI_Handler
                0x080001f8                CAN2_RX1_IRQHandler
                0x080001f8                EXTI3_IRQHandler
                0x080001f8                TIM8_TRG_COM_TIM14_IRQHandler
                0x080001f8                TIM1_UP_TIM10_IRQHandler
                0x080001f8                TIM8_UP_TIM13_IRQHandler
                0x080001f8                I2C3_ER_IRQHandler
                0x080001f8                EXTI0_IRQHandler
                0x080001f8                I2C2_EV_IRQHandler
                0x080001f8                DMA1_Stream2_IRQHandler
                0x080001f8                CAN1_RX0_IRQHandler
                0x080001f8                FPU_IRQHandler
                0x080001f8                OTG_HS_WKUP_IRQHandler
                0x080001f8                UsageFault_Handler
                0x080001f8                CAN2_SCE_IRQHandler
                0x080001f8                DMA2_Stream2_IRQHandler
                0x080001f8                SPI1_IRQHandler
                0x080001f8                TIM6_DAC_IRQHandler
                0x080001f8                TIM1_BRK_TIM9_IRQHandler
                0x080001f8                DCMI_IRQHandler
                0x080001f8                CAN2_RX0_IRQHandler
                0x080001f8                DMA2_Stream3_IRQHandler
                0x080001f8                USART6_IRQHandler
                0x080001f8                USART3_IRQHandler
                0x080001f8                CRYP_IRQHandler
                0x080001f8                CAN1_RX1_IRQHandler
                0x080001f8                UART5_IRQHandler
                0x080001f8                DMA2_Stream0_IRQHandler
                0x080001f8                TIM4_IRQHandler
                0x080001f8                I2C1_EV_IRQHandler
                0x080001f8                DMA1_Stream6_IRQHandler
                0x080001f8                DMA1_Stream1_IRQHandler
                0x080001f8                UART4_IRQHandler
                0x080001f8                TIM3_IRQHandler
                0x080001f8                RCC_IRQHandler
                0x080001f8                TIM8_BRK_TIM12_IRQHandler
                0x080001f8                EXTI15_10_IRQHandler
                0x080001f8                ADC_IRQHandler
                0x080001f8                DMA1_Stream7_IRQHandler
                0x080001f8                TIM7_IRQHandler
                0x080001f8                CAN2_TX_IRQHandler
                0x080001f8                TIM5_IRQHandler
                0x080001f8                DMA2_Stream7_IRQHandler
                0x080001f8                I2C3_EV_IRQHandler
                0x080001f8                EXTI9_5_IRQHandler
                0x080001f8                RTC_WKUP_IRQHandler
                0x080001f8                ETH_WKUP_IRQHandler
                0x080001f8                SPI2_IRQHandler
                0x080001f8                OTG_HS_EP1_IN_IRQHandler
                0x080001f8                MemManage_Handler
                0x080001f8                DMA1_Stream0_IRQHandler
                0x080001f8                CAN1_TX_IRQHandler
                0x080001f8                SVC_Handler
                0x080001f8                EXTI4_IRQHandler
                0x080001f8                FSMC_IRQHandler
                0x080001f8                ETH_IRQHandler
                0x080001f8                OTG_HS_EP1_OUT_IRQHandler
                0x080001f8                WWDG_IRQHandler
                0x080001f8                TIM2_IRQHandler
                0x080001f8                OTG_FS_WKUP_IRQHandler
                0x080001f8                TIM1_TRG_COM_TIM11_IRQHandler
                0x080001f8                OTG_HS_IRQHandler
                0x080001f8                EXTI1_IRQHandler
                0x080001f8                USART2_IRQHandler
                0x080001f8                I2C2_ER_IRQHandler
                0x080001f8                DMA2_Stream1_IRQHandler
                0x080001f8                CAN1_SCE_IRQHandler
                0x080001f8                FLASH_IRQHandler
                0x080001f8                DMA2_Stream4_IRQHandler
                0x080001f8                BusFault_Handler
                0x080001f8                USART1_IRQHandler
                0x080001f8                OTG_FS_IRQHandler
                0x080001f8                SPI3_IRQHandler
                0x080001f8                DMA1_Stream4_IRQHandler
                0x080001f8                I2C1_ER_IRQHandler
                0x080001f8                DMA2_Stream6_IRQHandler
                0x080001f8                DMA1_Stream3_IRQHandler
 .text.rtc_init
                0x08000200      0x170 ..\obj\main.o
                0x08000200                rtc_init
 .text.saat_oku
                0x08000370       0xd8 ..\obj\main.o
                0x08000370                saat_oku
 .text.main     0x08000448       0x20 ..\obj\main.o
                0x08000448                main
 .text.SystemInit
                0x08000468       0x94 ..\obj\system_stm32f4xx.o
                0x08000468                SystemInit
 .text.SetSysClock
                0x080004fc      0x188 ..\obj\system_stm32f4xx.o
 *(.glue_7t)
 .glue_7t       0x00000000        0x0 linker stubs
 *(.glue_7)
 .glue_7        0x00000000        0x0 linker stubs
 *(.rodata .rodata* .gnu.linkonce.r.*)

.vfp11_veneer   0x08000684        0x0
 .vfp11_veneer  0x00000000        0x0 linker stubs

.v4_bx          0x08000684        0x0
 .v4_bx         0x00000000        0x0 linker stubs

.iplt           0x08000684        0x0
 .iplt          0x00000000        0x0 ..\obj\stm32f4xx_pwr.o

.rel.dyn        0x08000684        0x0
 .rel.iplt      0x00000000        0x0 ..\obj\stm32f4xx_pwr.o

.ARM.extab
 *(.ARM.extab* .gnu.linkonce.armextab.*)
                0x08000684                __exidx_start = .

.ARM.exidx
 *(.ARM.exidx* .gnu.linkonce.armexidx.*)
                0x08000684                __exidx_end = .
                0x08000684                . = ALIGN (0x4)
                0x08000684                _etext = .
                0x08000684                _sidata = .

.data           0x20000000        0x0 load address 0x08000684
                0x20000000                _sdata = .
 *(.data .data.*)
                0x20000000                . = ALIGN (0x4)
                0x20000000                _edata = .

.igot.plt       0x20000000        0x0
 .igot.plt      0x00000000        0x0 ..\obj\stm32f4xx_pwr.o

.bss            0x20000000        0x0
                0x20000000                _sbss = .
 *(.bss .bss.*)
 *(COMMON)
                0x20000000                . = ALIGN (0x4)
                0x20000000                _ebss = .

.co_stack       0x20000000      0x800
                0x20000000                . = ALIGN (0x8)
 *(.co_stack .co_stack.*)
 .co_stack      0x20000000      0x800 ..\obj\startup_stm32f4xx.o
                0x20000000                pulStack
                0x20000800                . = ALIGN (0x4)
                0x20000800                _end = .
LOAD ..\obj\stm32f4xx_pwr.o
LOAD ..\obj\startup_stm32f4xx.o
LOAD ..\obj\main.o
LOAD ..\obj\stm32f4xx_rcc.o
LOAD ..\obj\system_stm32f4xx.o
LOAD ..\obj\syscalls.o
LOAD ..\obj\stm32f4xx_rtc.o
START GROUP
LOAD c:/program files/gnu tools arm embedded/4.7 2012q4/bin/../lib/gcc/arm-none-eabi/4.7.3/armv7e-m\libgcc.a
LOAD c:/program files/gnu tools arm embedded/4.7 2012q4/bin/../lib/gcc/arm-none-eabi/4.7.3/../../../../arm-none-eabi/lib/armv7e-m\libg.a
LOAD c:/program files/gnu tools arm embedded/4.7 2012q4/bin/../lib/gcc/arm-none-eabi/4.7.3/../../../../arm-none-eabi/lib/armv7e-m\libc.a
END GROUP
OUTPUT(RTC.elf elf32-littlearm)

.debug_info     0x00000000      0xd84
 .debug_info    0x00000000      0x103 ..\obj\startup_stm32f4xx.o
 .debug_info    0x00000103      0x68c ..\obj\main.o
 .debug_info    0x0000078f      0x5f5 ..\obj\system_stm32f4xx.o

.debug_abbrev   0x00000000      0x309
 .debug_abbrev  0x00000000       0xb2 ..\obj\startup_stm32f4xx.o
 .debug_abbrev  0x000000b2      0x11f ..\obj\main.o
 .debug_abbrev  0x000001d1      0x138 ..\obj\system_stm32f4xx.o

.debug_loc      0x00000000      0x19e
 .debug_loc     0x00000000       0x64 ..\obj\startup_stm32f4xx.o
 .debug_loc     0x00000064       0x9e ..\obj\main.o
 .debug_loc     0x00000102       0x9c ..\obj\system_stm32f4xx.o

.debug_aranges  0x00000000       0x88
 .debug_aranges
                0x00000000       0x28 ..\obj\startup_stm32f4xx.o
 .debug_aranges
                0x00000028       0x30 ..\obj\main.o
 .debug_aranges
                0x00000058       0x30 ..\obj\system_stm32f4xx.o

.debug_ranges   0x00000000       0x58
 .debug_ranges  0x00000000       0x18 ..\obj\startup_stm32f4xx.o
 .debug_ranges  0x00000018       0x20 ..\obj\main.o
 .debug_ranges  0x00000038       0x20 ..\obj\system_stm32f4xx.o

.debug_line     0x00000000      0x474
 .debug_line    0x00000000       0xb0 ..\obj\startup_stm32f4xx.o
 .debug_line    0x000000b0      0x1f2 ..\obj\main.o
 .debug_line    0x000002a2      0x1d2 ..\obj\system_stm32f4xx.o

.debug_str      0x00000000      0x583
 .debug_str     0x00000000      0x110 ..\obj\startup_stm32f4xx.o
                                0x122 (size before relaxing)
 .debug_str     0x00000110      0x319 ..\obj\main.o
                                0x3ac (size before relaxing)
 .debug_str     0x00000429      0x15a ..\obj\system_stm32f4xx.o
                                0x35b (size before relaxing)

.comment        0x00000000       0x70
 .comment       0x00000000       0x70 ..\obj\startup_stm32f4xx.o
                                 0x71 (size before relaxing)
 .comment       0x00000000       0x71 ..\obj\main.o
 .comment       0x00000000       0x71 ..\obj\system_stm32f4xx.o

.ARM.attributes
                0x00000000       0x33
 .ARM.attributes
                0x00000000       0x33 ..\obj\startup_stm32f4xx.o
 .ARM.attributes
                0x00000033       0x33 ..\obj\main.o
 .ARM.attributes
                0x00000066       0x33 ..\obj\system_stm32f4xx.o

.debug_frame    0x00000000      0x110
 .debug_frame   0x00000000       0x48 ..\obj\startup_stm32f4xx.o
 .debug_frame   0x00000048       0x64 ..\obj\main.o
 .debug_frame   0x000000ac       0x64 ..\obj\system_stm32f4xx.o
