
Discarded input sections

 .text          0x00000000        0x0 ..\obj\stm32f4xx_syscfg.o
 .data          0x00000000        0x0 ..\obj\stm32f4xx_syscfg.o
 .bss           0x00000000        0x0 ..\obj\stm32f4xx_syscfg.o
 .text.SYSCFG_DeInit
                0x00000000       0x1c ..\obj\stm32f4xx_syscfg.o
 .text.SYSCFG_MemoryRemapConfig
                0x00000000       0x20 ..\obj\stm32f4xx_syscfg.o
 .text.SYSCFG_ETH_MediaInterfaceConfig
                0x00000000       0x1c ..\obj\stm32f4xx_syscfg.o
 .text.SYSCFG_CompensationCellCmd
                0x00000000       0x20 ..\obj\stm32f4xx_syscfg.o
 .text.SYSCFG_GetCompensationCellStatus
                0x00000000       0x34 ..\obj\stm32f4xx_syscfg.o
 .text          0x00000000        0x0 ..\obj\startup_stm32f4xx.o
 .data          0x00000000        0x0 ..\obj\startup_stm32f4xx.o
 .bss           0x00000000        0x0 ..\obj\startup_stm32f4xx.o
 .text          0x00000000        0x0 ..\obj\main.o
 .data          0x00000000        0x0 ..\obj\main.o
 .bss           0x00000000        0x0 ..\obj\main.o
 .text          0x00000000        0x0 ..\obj\stm32f4xx_rcc.o
 .data          0x00000000       0x10 ..\obj\stm32f4xx_rcc.o
 .bss           0x00000000        0x0 ..\obj\stm32f4xx_rcc.o
 .text.RCC_DeInit
                0x00000000       0x50 ..\obj\stm32f4xx_rcc.o
 .text.RCC_HSEConfig
                0x00000000       0x24 ..\obj\stm32f4xx_rcc.o
 .text.RCC_WaitForHSEStartUp
                0x00000000       0x50 ..\obj\stm32f4xx_rcc.o
 .text.RCC_AdjustHSICalibrationValue
                0x00000000       0x3c ..\obj\stm32f4xx_rcc.o
 .text.RCC_HSICmd
                0x00000000       0x20 ..\obj\stm32f4xx_rcc.o
 .text.RCC_LSEConfig
                0x00000000       0x40 ..\obj\stm32f4xx_rcc.o
 .text.RCC_LSICmd
                0x00000000       0x20 ..\obj\stm32f4xx_rcc.o
 .text.RCC_PLLConfig
                0x00000000       0x3c ..\obj\stm32f4xx_rcc.o
 .text.RCC_PLLCmd
                0x00000000       0x20 ..\obj\stm32f4xx_rcc.o
 .text.RCC_PLLI2SConfig
                0x00000000       0x28 ..\obj\stm32f4xx_rcc.o
 .text.RCC_PLLI2SCmd
                0x00000000       0x20 ..\obj\stm32f4xx_rcc.o
 .text.RCC_ClockSecuritySystemCmd
                0x00000000       0x20 ..\obj\stm32f4xx_rcc.o
 .text.RCC_MCO1Config
                0x00000000       0x3c ..\obj\stm32f4xx_rcc.o
 .text.RCC_MCO2Config
                0x00000000       0x3c ..\obj\stm32f4xx_rcc.o
 .text.RCC_SYSCLKConfig
                0x00000000       0x38 ..\obj\stm32f4xx_rcc.o
 .text.RCC_GetSYSCLKSource
                0x00000000       0x20 ..\obj\stm32f4xx_rcc.o
 .text.RCC_HCLKConfig
                0x00000000       0x38 ..\obj\stm32f4xx_rcc.o
 .text.RCC_PCLK1Config
                0x00000000       0x38 ..\obj\stm32f4xx_rcc.o
 .text.RCC_PCLK2Config
                0x00000000       0x38 ..\obj\stm32f4xx_rcc.o
 .text.RCC_GetClocksFreq
                0x00000000      0x154 ..\obj\stm32f4xx_rcc.o
 .text.RCC_RTCCLKConfig
                0x00000000       0x5c ..\obj\stm32f4xx_rcc.o
 .text.RCC_RTCCLKCmd
                0x00000000       0x20 ..\obj\stm32f4xx_rcc.o
 .text.RCC_BackupResetCmd
                0x00000000       0x20 ..\obj\stm32f4xx_rcc.o
 .text.RCC_I2SCLKConfig
                0x00000000       0x1c ..\obj\stm32f4xx_rcc.o
 .text.RCC_AHB2PeriphClockCmd
                0x00000000       0x3c ..\obj\stm32f4xx_rcc.o
 .text.RCC_AHB3PeriphClockCmd
                0x00000000       0x3c ..\obj\stm32f4xx_rcc.o
 .text.RCC_APB1PeriphClockCmd
                0x00000000       0x3c ..\obj\stm32f4xx_rcc.o
 .text.RCC_AHB1PeriphResetCmd
                0x00000000       0x3c ..\obj\stm32f4xx_rcc.o
 .text.RCC_AHB2PeriphResetCmd
                0x00000000       0x3c ..\obj\stm32f4xx_rcc.o
 .text.RCC_AHB3PeriphResetCmd
                0x00000000       0x3c ..\obj\stm32f4xx_rcc.o
 .text.RCC_APB1PeriphResetCmd
                0x00000000       0x3c ..\obj\stm32f4xx_rcc.o
 .text.RCC_APB2PeriphResetCmd
                0x00000000       0x3c ..\obj\stm32f4xx_rcc.o
 .text.RCC_AHB1PeriphClockLPModeCmd
                0x00000000       0x3c ..\obj\stm32f4xx_rcc.o
 .text.RCC_AHB2PeriphClockLPModeCmd
                0x00000000       0x3c ..\obj\stm32f4xx_rcc.o
 .text.RCC_AHB3PeriphClockLPModeCmd
                0x00000000       0x3c ..\obj\stm32f4xx_rcc.o
 .text.RCC_APB1PeriphClockLPModeCmd
                0x00000000       0x3c ..\obj\stm32f4xx_rcc.o
 .text.RCC_APB2PeriphClockLPModeCmd
                0x00000000       0x3c ..\obj\stm32f4xx_rcc.o
 .text.RCC_ITConfig
                0x00000000       0x48 ..\obj\stm32f4xx_rcc.o
 .text.RCC_GetFlagStatus
                0x00000000       0x74 ..\obj\stm32f4xx_rcc.o
 .text.RCC_ClearFlag
                0x00000000       0x1c ..\obj\stm32f4xx_rcc.o
 .text.RCC_GetITStatus
                0x00000000       0x38 ..\obj\stm32f4xx_rcc.o
 .text.RCC_ClearITPendingBit
                0x00000000       0x20 ..\obj\stm32f4xx_rcc.o
 .text          0x00000000        0x0 ..\obj\stm32f4xx_gpio.o
 .data          0x00000000        0x0 ..\obj\stm32f4xx_gpio.o
 .bss           0x00000000        0x0 ..\obj\stm32f4xx_gpio.o
 .text.GPIO_DeInit
                0x00000000      0x120 ..\obj\stm32f4xx_gpio.o
 .text.GPIO_StructInit
                0x00000000       0x34 ..\obj\stm32f4xx_gpio.o
 .text.GPIO_PinLockConfig
                0x00000000       0x44 ..\obj\stm32f4xx_gpio.o
 .text.GPIO_ReadInputDataBit
                0x00000000       0x34 ..\obj\stm32f4xx_gpio.o
 .text.GPIO_ReadInputData
                0x00000000       0x1c ..\obj\stm32f4xx_gpio.o
 .text.GPIO_ReadOutputDataBit
                0x00000000       0x34 ..\obj\stm32f4xx_gpio.o
 .text.GPIO_ReadOutputData
                0x00000000       0x1c ..\obj\stm32f4xx_gpio.o
 .text.GPIO_SetBits
                0x00000000       0x1c ..\obj\stm32f4xx_gpio.o
 .text.GPIO_ResetBits
                0x00000000       0x1c ..\obj\stm32f4xx_gpio.o
 .text.GPIO_WriteBit
                0x00000000       0x30 ..\obj\stm32f4xx_gpio.o
 .text.GPIO_Write
                0x00000000       0x1c ..\obj\stm32f4xx_gpio.o
 .text.GPIO_PinAFConfig
                0x00000000       0x8c ..\obj\stm32f4xx_gpio.o
 .text          0x00000000        0x0 ..\obj\system_stm32f4xx.o
 .data          0x00000000       0x14 ..\obj\system_stm32f4xx.o
 .bss           0x00000000        0x0 ..\obj\system_stm32f4xx.o
 .text.SystemInit
                0x00000000       0x58 ..\obj\system_stm32f4xx.o
 .text.SystemCoreClockUpdate
                0x00000000       0xf8 ..\obj\system_stm32f4xx.o
 .text.SetSysClock
                0x00000000       0xf4 ..\obj\system_stm32f4xx.o
 .debug_info    0x00000000      0x592 ..\obj\system_stm32f4xx.o
 .debug_abbrev  0x00000000      0x136 ..\obj\system_stm32f4xx.o
 .debug_aranges
                0x00000000       0x30 ..\obj\system_stm32f4xx.o
 .debug_ranges  0x00000000       0x20 ..\obj\system_stm32f4xx.o
 .debug_line    0x00000000      0x1e0 ..\obj\system_stm32f4xx.o
 .debug_str     0x00000000      0x3a5 ..\obj\system_stm32f4xx.o
 .comment       0x00000000       0x71 ..\obj\system_stm32f4xx.o
 .ARM.attributes
                0x00000000       0x33 ..\obj\system_stm32f4xx.o
 .debug_frame   0x00000000       0x64 ..\obj\system_stm32f4xx.o
 .text          0x00000000        0x0 ..\obj\stm32f4xx_exti.o
 .data          0x00000000        0x0 ..\obj\stm32f4xx_exti.o
 .bss           0x00000000        0x0 ..\obj\stm32f4xx_exti.o
 .text.EXTI_DeInit
                0x00000000       0x34 ..\obj\stm32f4xx_exti.o
 .text.EXTI_StructInit
                0x00000000       0x2c ..\obj\stm32f4xx_exti.o
 .text.EXTI_GenerateSWInterrupt
                0x00000000       0x24 ..\obj\stm32f4xx_exti.o
 .text.EXTI_GetFlagStatus
                0x00000000       0x34 ..\obj\stm32f4xx_exti.o
 .text.EXTI_ClearFlag
                0x00000000       0x1c ..\obj\stm32f4xx_exti.o
 .text.EXTI_GetITStatus
                0x00000000       0x48 ..\obj\stm32f4xx_exti.o
 .text          0x00000000        0x0 ..\obj\misc.o
 .data          0x00000000        0x0 ..\obj\misc.o
 .bss           0x00000000        0x0 ..\obj\misc.o
 .text.NVIC_PriorityGroupConfig
                0x00000000       0x24 ..\obj\misc.o
 .text.NVIC_SetVectorTable
                0x00000000       0x2c ..\obj\misc.o
 .text.NVIC_SystemLPConfig
                0x00000000       0x40 ..\obj\misc.o
 .text.SysTick_CLKSourceConfig
                0x00000000       0x38 ..\obj\misc.o

Memory Configuration

Name             Origin             Length             Attributes
rom              0x08000000         0x00100000         xr
ram              0x20000000         0x00020000         xrw
ram1             0x10000000         0x00010000         xrw
*default*        0x00000000         0xffffffff

Linker script and memory map

                0x20020000                _eram = 0x20020000

.text           0x08000000      0x6a8
 *(.isr_vector)
 .isr_vector    0x08000000      0x188 ..\obj\startup_stm32f4xx.o
                0x08000000                g_pfnVectors
 *(.text*)
 .text.SYSCFG_EXTILineConfig
                0x08000188       0x7c ..\obj\stm32f4xx_syscfg.o
                0x08000188                SYSCFG_EXTILineConfig
 .text.Default_Reset_Handler
                0x08000204       0x5c ..\obj\startup_stm32f4xx.o
                0x08000204                Default_Reset_Handler
                0x08000204                Reset_Handler
 .text.Default_Handler
                0x08000260        0x8 ..\obj\startup_stm32f4xx.o
                0x08000260                RTC_Alarm_IRQHandler
                0x08000260                HASH_RNG_IRQHandler
                0x08000260                EXTI2_IRQHandler
                0x08000260                TIM8_CC_IRQHandler
                0x08000260                DebugMon_Handler
                0x08000260                TIM1_CC_IRQHandler
                0x08000260                DMA2_Stream5_IRQHandler
                0x08000260                HardFault_Handler
                0x08000260                DMA1_Stream5_IRQHandler
                0x08000260                SysTick_Handler
                0x08000260                PVD_IRQHandler
                0x08000260                SDIO_IRQHandler
                0x08000260                TAMP_STAMP_IRQHandler
                0x08000260                PendSV_Handler
                0x08000260                NMI_Handler
                0x08000260                CAN2_RX1_IRQHandler
                0x08000260                EXTI3_IRQHandler
                0x08000260                TIM8_TRG_COM_TIM14_IRQHandler
                0x08000260                TIM1_UP_TIM10_IRQHandler
                0x08000260                TIM8_UP_TIM13_IRQHandler
                0x08000260                I2C3_ER_IRQHandler
                0x08000260                I2C2_EV_IRQHandler
                0x08000260                DMA1_Stream2_IRQHandler
                0x08000260                CAN1_RX0_IRQHandler
                0x08000260                FPU_IRQHandler
                0x08000260                OTG_HS_WKUP_IRQHandler
                0x08000260                UsageFault_Handler
                0x08000260                CAN2_SCE_IRQHandler
                0x08000260                DMA2_Stream2_IRQHandler
                0x08000260                SPI1_IRQHandler
                0x08000260                TIM6_DAC_IRQHandler
                0x08000260                TIM1_BRK_TIM9_IRQHandler
                0x08000260                DCMI_IRQHandler
                0x08000260                CAN2_RX0_IRQHandler
                0x08000260                DMA2_Stream3_IRQHandler
                0x08000260                USART6_IRQHandler
                0x08000260                USART3_IRQHandler
                0x08000260                CRYP_IRQHandler
                0x08000260                CAN1_RX1_IRQHandler
                0x08000260                UART5_IRQHandler
                0x08000260                DMA2_Stream0_IRQHandler
                0x08000260                TIM4_IRQHandler
                0x08000260                I2C1_EV_IRQHandler
                0x08000260                DMA1_Stream6_IRQHandler
                0x08000260                DMA1_Stream1_IRQHandler
                0x08000260                UART4_IRQHandler
                0x08000260                TIM3_IRQHandler
                0x08000260                RCC_IRQHandler
                0x08000260                TIM8_BRK_TIM12_IRQHandler
                0x08000260                EXTI15_10_IRQHandler
                0x08000260                ADC_IRQHandler
                0x08000260                DMA1_Stream7_IRQHandler
                0x08000260                TIM7_IRQHandler
                0x08000260                CAN2_TX_IRQHandler
                0x08000260                TIM5_IRQHandler
                0x08000260                DMA2_Stream7_IRQHandler
                0x08000260                I2C3_EV_IRQHandler
                0x08000260                EXTI9_5_IRQHandler
                0x08000260                RTC_WKUP_IRQHandler
                0x08000260                ETH_WKUP_IRQHandler
                0x08000260                SPI2_IRQHandler
                0x08000260                OTG_HS_EP1_IN_IRQHandler
                0x08000260                MemManage_Handler
                0x08000260                DMA1_Stream0_IRQHandler
                0x08000260                CAN1_TX_IRQHandler
                0x08000260                SVC_Handler
                0x08000260                EXTI4_IRQHandler
                0x08000260                FSMC_IRQHandler
                0x08000260                ETH_IRQHandler
                0x08000260                OTG_HS_EP1_OUT_IRQHandler
                0x08000260                WWDG_IRQHandler
                0x08000260                TIM2_IRQHandler
                0x08000260                OTG_FS_WKUP_IRQHandler
                0x08000260                TIM1_TRG_COM_TIM11_IRQHandler
                0x08000260                OTG_HS_IRQHandler
                0x08000260                EXTI1_IRQHandler
                0x08000260                USART2_IRQHandler
                0x08000260                I2C2_ER_IRQHandler
                0x08000260                DMA2_Stream1_IRQHandler
                0x08000260                CAN1_SCE_IRQHandler
                0x08000260                FLASH_IRQHandler
                0x08000260                DMA2_Stream4_IRQHandler
                0x08000260                BusFault_Handler
                0x08000260                USART1_IRQHandler
                0x08000260                OTG_FS_IRQHandler
                0x08000260                SPI3_IRQHandler
                0x08000260                DMA1_Stream4_IRQHandler
                0x08000260                I2C1_ER_IRQHandler
                0x08000260                DMA2_Stream6_IRQHandler
                0x08000260                DMA1_Stream3_IRQHandler
 .text.exti_init
                0x08000268       0x74 ..\obj\main.o
                0x08000268                exti_init
 .text.EXTI0_IRQHandler
                0x080002dc       0x1c ..\obj\main.o
                0x080002dc                EXTI0_IRQHandler
 .text.gpio_init
                0x080002f8       0x34 ..\obj\main.o
                0x080002f8                gpio_init
 .text.main     0x0800032c       0x10 ..\obj\main.o
                0x0800032c                main
 .text.RCC_AHB1PeriphClockCmd
                0x0800033c       0x3c ..\obj\stm32f4xx_rcc.o
                0x0800033c                RCC_AHB1PeriphClockCmd
 .text.RCC_APB2PeriphClockCmd
                0x08000378       0x3c ..\obj\stm32f4xx_rcc.o
                0x08000378                RCC_APB2PeriphClockCmd
 .text.GPIO_Init
                0x080003b4      0x11c ..\obj\stm32f4xx_gpio.o
                0x080003b4                GPIO_Init
 .text.GPIO_ToggleBits
                0x080004d0       0x24 ..\obj\stm32f4xx_gpio.o
                0x080004d0                GPIO_ToggleBits
 .text.EXTI_Init
                0x080004f4       0xdc ..\obj\stm32f4xx_exti.o
                0x080004f4                EXTI_Init
 .text.EXTI_ClearITPendingBit
                0x080005d0       0x1c ..\obj\stm32f4xx_exti.o
                0x080005d0                EXTI_ClearITPendingBit
 .text.NVIC_Init
                0x080005ec       0xbc ..\obj\misc.o
                0x080005ec                NVIC_Init
 *(.init)
 *(.fini)
 *crtbegin.o(.ctors)
 *crtbegin?.o(.ctors)
 *(EXCLUDE_FILE(*crtend.o *crtend?.o) .ctors)
 *(SORT(.ctors.*))
 *(.ctors)
 *crtbegin.o(.dtors)
 *crtbegin?.o(.dtors)
 *(EXCLUDE_FILE(*crtend.o *crtend?.o) .dtors)
 *(SORT(.dtors.*))
 *(.dtors)
 *(.rodata*)
 *(.eh_fram e*)

.glue_7         0x080006a8        0x0
 .glue_7        0x00000000        0x0 linker stubs

.glue_7t        0x080006a8        0x0
 .glue_7t       0x00000000        0x0 linker stubs

.vfp11_veneer   0x080006a8        0x0
 .vfp11_veneer  0x00000000        0x0 linker stubs

.v4_bx          0x080006a8        0x0
 .v4_bx         0x00000000        0x0 linker stubs

.iplt           0x080006a8        0x0
 .iplt          0x00000000        0x0 ..\obj\stm32f4xx_syscfg.o

.rel.dyn        0x080006a8        0x0
 .rel.iplt      0x00000000        0x0 ..\obj\stm32f4xx_syscfg.o

.ARM.extab
 *(.ARM.extab* .gnu.linkonce.armextab.*)
                0x080006a8                __exidx_start = .

.ARM.exidx
 *(.ARM.exidx* .gnu.linkonce.armexidx.*)
                0x080006a8                __exidx_end = .
                0x080006a8                __etext = .
                0x080006a8                _sidata = __etext

.data           0x20000000        0x0 load address 0x080006a8
                0x20000000                __data_start__ = .
                0x20000000                _sdata = __data_start__
 *(vtable)
 *(.data*)
                0x20000000                . = ALIGN (0x4)
                0x20000000                PROVIDE (__preinit_array_start, .)
 *(.preinit_array)
                0x20000000                PROVIDE (__preinit_array_end, .)
                0x20000000                . = ALIGN (0x4)
                0x20000000                PROVIDE (__init_array_start, .)
 *(SORT(.init_array.*))
 *(.init_array)
                0x20000000                PROVIDE (__init_array_end, .)
                0x20000000                . = ALIGN (0x4)
                0x20000000                PROVIDE (__fini_array_start, .)
 *(SORT(.fini_array.*))
 *(.fini_array)
                0x20000000                PROVIDE (__fini_array_end, .)
 *(.jcr*)
                0x20000000                . = ALIGN (0x4)
                0x20000000                __data_end__ = .
                0x20000000                _edata = __data_end__

.igot.plt       0x20000000        0x0
 .igot.plt      0x00000000        0x0 ..\obj\stm32f4xx_syscfg.o

.bss            0x20000000        0x0
                0x20000000                . = ALIGN (0x4)
                0x20000000                __bss_start__ = .
                0x20000000                _sbss = __bss_start__
 *(.bss*)
 *(COMMON)
                0x20000000                . = ALIGN (0x4)
                0x20000000                __bss_end__ = .
                0x20000000                _ebss = __bss_end__

.heap           0x20000000        0x0
                0x20000000                __end__ = .
                0x20000000                _end = __end__
                0x20000000                end = __end__
 *(.heap*)
                0x20000000                __HeapLimit = .

.co_stack       0x20000000      0x800
                0x20000000                . = ALIGN (0x8)
 *(.co_stack .co_stack.*)
 .co_stack      0x20000000      0x800 ..\obj\startup_stm32f4xx.o
                0x20000000                pulStack
                0x20020000                __StackTop = (ORIGIN (ram) + 0x20000)
                0x2001f800                __StackLimit = (__StackTop - SIZEOF (.co_stack))
                0x20020000                PROVIDE (__stack, __StackTop)
                0x00000001                ASSERT ((__StackLimit >= __HeapLimit), region ram  overflowed with stack)
LOAD ..\obj\stm32f4xx_syscfg.o
LOAD ..\obj\startup_stm32f4xx.o
LOAD ..\obj\main.o
LOAD ..\obj\stm32f4xx_rcc.o
LOAD ..\obj\stm32f4xx_gpio.o
LOAD ..\obj\system_stm32f4xx.o
LOAD ..\obj\stm32f4xx_exti.o
LOAD ..\obj\misc.o
START GROUP
LOAD c:/program files/gnu tools arm embedded/4.8 2014q2/bin/../lib/gcc/arm-none-eabi/4.8.4/armv7e-m\libgcc.a
LOAD c:/program files/gnu tools arm embedded/4.8 2014q2/bin/../lib/gcc/arm-none-eabi/4.8.4/../../../../arm-none-eabi/lib/armv7e-m\libg.a
LOAD c:/program files/gnu tools arm embedded/4.8 2014q2/bin/../lib/gcc/arm-none-eabi/4.8.4/../../../../arm-none-eabi/lib/armv7e-m\libc.a
END GROUP
OUTPUT(HC-SR501 PIR.elf elf32-littlearm)

.debug_info     0x00000000     0x245e
 .debug_info    0x00000000      0x26c ..\obj\stm32f4xx_syscfg.o
 .debug_info    0x0000026c       0xed ..\obj\startup_stm32f4xx.o
 .debug_info    0x00000359      0x632 ..\obj\main.o
 .debug_info    0x0000098b      0xc4d ..\obj\stm32f4xx_rcc.o
 .debug_info    0x000015d8      0x602 ..\obj\stm32f4xx_gpio.o
 .debug_info    0x00001bda      0x347 ..\obj\stm32f4xx_exti.o
 .debug_info    0x00001f21      0x53d ..\obj\misc.o

.debug_abbrev   0x00000000      0x99c
 .debug_abbrev  0x00000000      0x131 ..\obj\stm32f4xx_syscfg.o
 .debug_abbrev  0x00000131       0xb0 ..\obj\startup_stm32f4xx.o
 .debug_abbrev  0x000001e1      0x14b ..\obj\main.o
 .debug_abbrev  0x0000032c      0x1e3 ..\obj\stm32f4xx_rcc.o
 .debug_abbrev  0x0000050f      0x1a3 ..\obj\stm32f4xx_gpio.o
 .debug_abbrev  0x000006b2      0x1a5 ..\obj\stm32f4xx_exti.o
 .debug_abbrev  0x00000857      0x145 ..\obj\misc.o

.debug_aranges  0x00000000      0x340
 .debug_aranges
                0x00000000       0x48 ..\obj\stm32f4xx_syscfg.o
 .debug_aranges
                0x00000048       0x28 ..\obj\startup_stm32f4xx.o
 .debug_aranges
                0x00000070       0x38 ..\obj\main.o
 .debug_aranges
                0x000000a8      0x178 ..\obj\stm32f4xx_rcc.o
 .debug_aranges
                0x00000220       0x88 ..\obj\stm32f4xx_gpio.o
 .debug_aranges
                0x000002a8       0x58 ..\obj\stm32f4xx_exti.o
 .debug_aranges
                0x00000300       0x40 ..\obj\misc.o

.debug_ranges   0x00000000      0x2d0
 .debug_ranges  0x00000000       0x38 ..\obj\stm32f4xx_syscfg.o
 .debug_ranges  0x00000038       0x18 ..\obj\startup_stm32f4xx.o
 .debug_ranges  0x00000050       0x28 ..\obj\main.o
 .debug_ranges  0x00000078      0x168 ..\obj\stm32f4xx_rcc.o
 .debug_ranges  0x000001e0       0x78 ..\obj\stm32f4xx_gpio.o
 .debug_ranges  0x00000258       0x48 ..\obj\stm32f4xx_exti.o
 .debug_ranges  0x000002a0       0x30 ..\obj\misc.o

.debug_line     0x00000000     0x1262
 .debug_line    0x00000000      0x20b ..\obj\stm32f4xx_syscfg.o
 .debug_line    0x0000020b       0x9c ..\obj\startup_stm32f4xx.o
 .debug_line    0x000002a7      0x23c ..\obj\main.o
 .debug_line    0x000004e3      0x589 ..\obj\stm32f4xx_rcc.o
 .debug_line    0x00000a6c      0x32e ..\obj\stm32f4xx_gpio.o
 .debug_line    0x00000d9a      0x294 ..\obj\stm32f4xx_exti.o
 .debug_line    0x0000102e      0x234 ..\obj\misc.o

.debug_str      0x00000000     0x1637
 .debug_str     0x00000000      0x291 ..\obj\stm32f4xx_syscfg.o
                                0x2ef (size before relaxing)
 .debug_str     0x00000291       0xab ..\obj\startup_stm32f4xx.o
                                0x142 (size before relaxing)
 .debug_str     0x0000033c      0x82e ..\obj\main.o
                                0x9a9 (size before relaxing)
 .debug_str     0x00000b6a      0x67d ..\obj\stm32f4xx_rcc.o
                                0x84b (size before relaxing)
 .debug_str     0x000011e7      0x198 ..\obj\stm32f4xx_gpio.o
                                0x49e (size before relaxing)
 .debug_str     0x0000137f      0x108 ..\obj\stm32f4xx_exti.o
                                0x354 (size before relaxing)
 .debug_str     0x00001487      0x1b0 ..\obj\misc.o
                                0x3c9 (size before relaxing)

.comment        0x00000000       0x70
 .comment       0x00000000       0x70 ..\obj\stm32f4xx_syscfg.o
                                 0x71 (size before relaxing)
 .comment       0x00000000       0x71 ..\obj\startup_stm32f4xx.o
 .comment       0x00000000       0x71 ..\obj\main.o
 .comment       0x00000000       0x71 ..\obj\stm32f4xx_rcc.o
 .comment       0x00000000       0x71 ..\obj\stm32f4xx_gpio.o
 .comment       0x00000000       0x71 ..\obj\stm32f4xx_exti.o
 .comment       0x00000000       0x71 ..\obj\misc.o

.ARM.attributes
                0x00000000       0x33
 .ARM.attributes
                0x00000000       0x33 ..\obj\stm32f4xx_syscfg.o
 .ARM.attributes
                0x00000033       0x33 ..\obj\startup_stm32f4xx.o
 .ARM.attributes
                0x00000066       0x33 ..\obj\main.o
 .ARM.attributes
                0x00000099       0x33 ..\obj\stm32f4xx_rcc.o
 .ARM.attributes
                0x000000cc       0x33 ..\obj\stm32f4xx_gpio.o
 .ARM.attributes
                0x000000ff       0x33 ..\obj\stm32f4xx_exti.o
 .ARM.attributes
                0x00000132       0x33 ..\obj\misc.o

.debug_frame    0x00000000      0x988
 .debug_frame   0x00000000       0xbc ..\obj\stm32f4xx_syscfg.o
 .debug_frame   0x000000bc       0x48 ..\obj\startup_stm32f4xx.o
 .debug_frame   0x00000104       0x88 ..\obj\main.o
 .debug_frame   0x0000018c      0x4d8 ..\obj\stm32f4xx_rcc.o
 .debug_frame   0x00000664      0x19c ..\obj\stm32f4xx_gpio.o
 .debug_frame   0x00000800       0xec ..\obj\stm32f4xx_exti.o
 .debug_frame   0x000008ec       0x9c ..\obj\misc.o
